---
source: tests/sample_queries.rs
expression: stdout
---
+-------+
| total |
+=======+
| 1000  |
+-------+
+----------------+-----------+
| name           | height_cm |
+============================+
| Chewbacca      | 228       |
|----------------+-----------|
| Darth Vader    | 202       |
|----------------+-----------|
| IG-88          | 200       |
|----------------+-----------|
| Boba Fett      | 183       |
|----------------+-----------|
| Obi-Wan Kenobi | 182       |
+----------------+-----------+
+-------+------------------+
| name  | primary_function |
+==========================+
| C-3PO | Protocol         |
|-------+------------------|
| IG-88 | Assassin         |
|-------+------------------|
| R2-D2 | Astromech        |
+-------+------------------+
+-----------+----------+------------+-------------------------+-----------------------+
| climate   | name     | population | residents               | terrain               |
+=====================================================================================+
| temperate | Alderaan | 2000000000 | Leia Organa             | grasslands, mountains |
|-----------+----------+------------+-------------------------+-----------------------|
| temperate | Bespin   | 6000000    | Lando Calrissian, Lobot | gas giant             |
|-----------+----------+------------+-------------------------+-----------------------|
| murky     | Dagobah  |            | Yoda                    | swamp, jungles        |
+-----------+----------+------------+-------------------------+-----------------------+
+----------------------+
| affiliation          |
+======================+
| Bounty Hunters Guild |
|----------------------|
| Cloud City           |
|----------------------|
| Galactic Empire      |
|----------------------|
| Hutt Cartel          |
|----------------------|
| Jedi Order           |
|----------------------|
| Rebel Alliance       |
+----------------------+
+----------------------------+--------------------+-----------+-----------------+
| file.name                  | file.folder        | file.size | file.word_count |
+===============================================================================+
| millennium-falcon.md       | starwars/starships | 320       | 13              |
|----------------------------+--------------------+-----------+-----------------|
| imperial-star-destroyer.md | starwars/starships | 281       | 15              |
|----------------------------+--------------------+-----------+-----------------|
| slave-i.md                 | starwars/starships | 261       | 13              |
|----------------------------+--------------------+-----------+-----------------|
| tie-advanced-x1.md         | starwars/starships | 258       | 16              |
|----------------------------+--------------------+-----------+-----------------|
| executor.md                | starwars/starships | 243       | 12              |
+----------------------------+--------------------+-----------+-----------------+
+-------------+----------------------+
| file.name   | file.mtime           |
+====================================+
| alderaan.md | 1977-05-25T00:00:00Z |
|-------------+----------------------|
| bespin.md   | 1977-05-25T00:00:00Z |
|-------------+----------------------|
| dagobah.md  | 1977-05-25T00:00:00Z |
+-------------+----------------------+
+----------------------------+
| file.name                  |
+============================+
| DCP-105-billing-metrics.md |
|----------------------------|
| DCP-106-export-export.md   |
|----------------------------|
| DCP-107-webhook-upload.md  |
|----------------------------|
| DCP-109-login-profile.md   |
|----------------------------|
| DCP-113-login-report.md    |
+----------------------------+
+---------+--------------+---------------+
| jira    | estimate.low | estimate.high |
+========================================+
| DCP-118 | 8            | 14            |
|---------+--------------+---------------|
| DCP-133 | 6            | 14            |
|---------+--------------+---------------|
| DCP-139 | 8            | 13            |
|---------+--------------+---------------|
| DCP-166 | 7            | 15            |
|---------+--------------+---------------|
| DCP-205 | 5            | 13            |
+---------+--------------+---------------+
+----------------------+--------------+-------------+
| title                | series.name  | series.book |
+===================================================+
| The Hollow Harbor    | Archive Wars | 1           |
|----------------------+--------------+-------------|
| The Distant Mountain | Archive Wars | 2           |
|----------------------+--------------+-------------|
| The Glass Orchard    | Archive Wars | 2           |
|----------------------+--------------+-------------|
| The Silent Orchard   | Archive Wars | 3           |
|----------------------+--------------+-------------|
| The Glass Garden     | Archive Wars | 3           |
+----------------------+--------------+-------------+
+-------------------+
| name              |
+===================+
| Boba Fett         |
|-------------------|
| Emperor Palpatine |
|-------------------|
| IG-88             |
|-------------------|
| Lando Calrissian  |
|-------------------|
| Lobot             |
|-------------------|
| Yoda              |
+-------------------+
+---------+--------------+
| jira    | lead         |
+========================+
| DCP-109 | Riley Brooks |
|---------+--------------|
| DCP-110 | Sam Rivera   |
|---------+--------------|
| DCP-113 | Quinn Foster |
|---------+--------------|
| DCP-118 | Morgan Lee   |
|---------+--------------|
| DCP-120 | Sam Rivera   |
+---------+--------------+
+-------------------------+
| name                    |
+=========================+
| Executor                |
|-------------------------|
| Imperial Star Destroyer |
|-------------------------|
| Slave I                 |
+-------------------------+
+-------------------+
| name              |
+===================+
| A-wing            |
|-------------------|
| Millennium Falcon |
|-------------------|
| TIE Advanced x1   |
|-------------------|
| X-wing            |
|-------------------|
| Y-wing            |
+-------------------+
+-------------------------+---------+
| title                   | cuisine |
+===================================+
| Creamy Chicken Noodles  | indian  |
|-------------------------+---------|
| Creamy Chicken Stir-Fry | korean  |
|-------------------------+---------|
| Creamy Chickpea Curry   | thai    |
|-------------------------+---------|
| Creamy Chickpea Salad   | mexican |
|-------------------------+---------|
| Creamy Chickpea Soup    | indian  |
+-------------------------+---------+
+-------------------+-------------+
| name              | home_planet |
+=================================+
| C-3PO             | Tatooine    |
|-------------------+-------------|
| Darth Vader       | Tatooine    |
|-------------------+-------------|
| Emperor Palpatine | Naboo       |
|-------------------+-------------|
| Luke Skywalker    | Tatooine    |
|-------------------+-------------|
| R2-D2             | Naboo       |
+-------------------+-------------+
+----------------+-------------+
| name           | home_planet |
+==============================+
| Admiral Ackbar | Mon Cala    |
|----------------+-------------|
| Boba Fett      | Kamino      |
|----------------+-------------|
| Chewbacca      | Kashyyyk    |
|----------------+-------------|
| Greedo         | Rodia       |
|----------------+-------------|
| Han Solo       | Corellia    |
+----------------+-------------+
+---------+---------+
| name    | climate |
+===================+
| Dagobah | murky   |
|---------+---------|
| Hoth    | frozen  |
+---------+---------+
+-------------------+-----+
| loud              | len |
+=========================+
| EMPEROR PALPATINE | 17  |
|-------------------+-----|
| LANDO CALRISSIAN  | 16  |
|-------------------+-----|
| ADMIRAL ACKBAR    | 14  |
+-------------------+-----+
+---------+--------------+-------------+
| jira    | status_label | trimmed_len |
+======================================+
| DCP-100 | in review    | 7           |
|---------+--------------+-------------|
| DCP-101 | in review    | 7           |
|---------+--------------+-------------|
| DCP-102 | draft        | 7           |
|---------+--------------+-------------|
| DCP-103 | done         | 7           |
|---------+--------------+-------------|
| DCP-104 | draft        | 7           |
+---------+--------------+-------------+
+-------------+
| clipped     |
+=============+
| A-wing...   |
|-------------|
| Executor... |
|-------------|
| Imperial... |
|-------------|
| Millenni... |
+-------------+
+---------------------------+---------------+
| title                     | total_minutes |
+===========================================+
| Tangy Cauliflower Tacos   | 134           |
|---------------------------+---------------|
| Sweet Cauliflower Noodles | 131           |
|---------------------------+---------------|
| Spicy Lentil Curry        | 131           |
|---------------------------+---------------|
| Crispy Shrimp Stew        | 130           |
|---------------------------+---------------|
| Crispy Chicken Salad      | 129           |
+---------------------------+---------------+
+------------------------+-------------+--------------+-----------+-----------------+
| title                  | active_diff | doubled_prep | half_cook | servings_parity |
+===================================================================================+
| Creamy Beef Soup       | -23         | 82           | 9         | 1               |
|------------------------+-------------+--------------+-----------+-----------------|
| Creamy Beef Soup       | 10          | 26           | 11.5      | 0               |
|------------------------+-------------+--------------+-----------+-----------------|
| Creamy Beef Stir-Fry   | 68          | 36           | 43        | 1               |
|------------------------+-------------+--------------+-----------+-----------------|
| Creamy Beef Stir-Fry   | 36          | 30           | 25.5      | 0               |
|------------------------+-------------+--------------+-----------+-----------------|
| Creamy Chicken Noodles | 49          | 64           | 40.5      | 0               |
+------------------------+-------------+--------------+-----------+-----------------+
+---------+---------------+
| jira    | epic          |
+=========================+
| DCP-100 | unassigned    |
|---------+---------------|
| DCP-103 | mobile-parity |
|---------+---------------|
| DCP-106 | search-v2     |
|---------+---------------|
| DCP-109 | mobile-parity |
|---------+---------------|
| DCP-112 | mobile-parity |
+---------+---------------+
+-------------------+---------+
| name              | build   |
+=============================+
| Admiral Ackbar    | light   |
|-------------------+---------|
| Boba Fett         | light   |
|-------------------+---------|
| C-3PO             | light   |
|-------------------+---------|
| Chewbacca         | heavy   |
|-------------------+---------|
| Darth Vader       | heavy   |
|-------------------+---------|
| Emperor Palpatine | light   |
|-------------------+---------|
| Greedo            | light   |
|-------------------+---------|
| Han Solo          | light   |
|-------------------+---------|
| IG-88             | heavy   |
|-------------------+---------|
| Jabba the Hutt    | heavy   |
|-------------------+---------|
| Lando Calrissian  | light   |
|-------------------+---------|
| Leia Organa       | light   |
|-------------------+---------|
| Lobot             | light   |
|-------------------+---------|
| Luke Skywalker    | light   |
|-------------------+---------|
| Mon Mothma        | unknown |
|-------------------+---------|
| Obi-Wan Kenobi    | light   |
|-------------------+---------|
| R2-D2             | light   |
|-------------------+---------|
| Wedge Antilles    | light   |
|-------------------+---------|
| Wilhuff Tarkin    | unknown |
|-------------------+---------|
| Yoda              | light   |
+-------------------+---------+
+---------+-------+
| jira    | code  |
+=================+
| DCP-100 | other |
|---------+-------|
| DCP-101 | other |
|---------+-------|
| DCP-102 | D     |
|---------+-------|
| DCP-103 | X     |
|---------+-------|
| DCP-104 | D     |
+---------+-------+
+---------+---------+
| jira    | status  |
+===================+
| DCP-110 | blocked |
|---------+---------|
| DCP-122 | blocked |
|---------+---------|
| DCP-137 | blocked |
|---------+---------|
| DCP-155 | blocked |
|---------+---------|
| DCP-167 | blocked |
+---------+---------+
+-----------+-----+
| status    | n   |
+=================+
| draft     | 138 |
|-----------+-----|
| synced    | 122 |
|-----------+-----|
| done      | 90  |
|-----------+-----|
| in-review | 85  |
|-----------+-----|
| blocked   | 48  |
+-----------+-----+
+----------+----+--------------------+
| cuisine  | n  | avg_prep           |
+====================================+
| mexican  | 45 | 24.533333333333335 |
|----------+----+--------------------|
| korean   | 38 | 23.86842105263158  |
|----------+----+--------------------|
| greek    | 37 | 23.486486486486488 |
|----------+----+--------------------|
| french   | 35 | 23.17142857142857  |
|----------+----+--------------------|
| japanese | 35 | 27.571428571428573 |
|----------+----+--------------------|
| thai     | 35 | 27.057142857142857 |
+----------+----+--------------------+
+-----------+-----+
| s         | n   |
+=================+
| synced    | 122 |
|-----------+-----|
| done      | 90  |
|-----------+-----|
| in-review | 85  |
|-----------+-----|
| blocked   | 48  |
+-----------+-----+
+----------+---------+------------+
| shortest | tallest | total_mass |
+=================================+
| 66       | 228     | 2698       |
+----------+---------+------------+
+-------+
| rated |
+=======+
| 95    |
+-------+
+---------+
| authors |
+=========+
| 10      |
+---------+
+---------+-----------------------------------------------------------------------------------------------------------------------------------------------------------------------+
| kind    | members                                                                                                                                                               |
+=================================================================================================================================================================================+
| droid   | C-3PO, IG-88, R2-D2                                                                                                                                                   |
|---------+-----------------------------------------------------------------------------------------------------------------------------------------------------------------------|
| human   | Boba Fett, Darth Vader, Emperor Palpatine, Han Solo, Lando Calrissian, Leia Organa, Lobot, Luke Skywalker, Mon Mothma, Obi-Wan Kenobi, Wedge Antilles, Wilhuff Tarkin |
|---------+-----------------------------------------------------------------------------------------------------------------------------------------------------------------------|
| hutt    | Jabba the Hutt                                                                                                                                                        |
|---------+-----------------------------------------------------------------------------------------------------------------------------------------------------------------------|
| other   | Admiral Ackbar, Greedo, Yoda                                                                                                                                          |
|---------+-----------------------------------------------------------------------------------------------------------------------------------------------------------------------|
| wookiee | Chewbacca                                                                                                                                                             |
+---------+-----------------------------------------------------------------------------------------------------------------------------------------------------------------------+
+--------------+
| created_2026 |
+==============+
| 168          |
+--------------+
+---------+------------+
| jira    | created_on |
+======================+
| DCP-100 | 2025-08-06 |
|---------+------------|
| DCP-101 | 2025-02-25 |
|---------+------------|
| DCP-102 | 2026-06-13 |
|---------+------------|
| DCP-103 | 2026-06-09 |
|---------+------------|
| DCP-104 | 2026-03-17 |
+---------+------------+
+---------------------+--------------+
| title               | purchased_on |
+====================================+
| The Hollow Atlas    | 2026-01-11   |
|---------------------+--------------|
| The Hollow Voyage   | 2026-03-16   |
|---------------------+--------------|
| The Endless Kingdom | 2026-04-07   |
|---------------------+--------------|
| The Burning Orchard | 2026-05-12   |
|---------------------+--------------|
| The Endless Orchard | 2026-06-04   |
+---------------------+--------------+
+----------+
| name     |
+==========+
| Alderaan |
|----------|
| Bespin   |
|----------|
| Dagobah  |
+----------+
+-------------------+
| name              |
+===================+
| Emperor Palpatine |
|-------------------|
| Greedo            |
|-------------------|
| Han Solo          |
|-------------------|
| IG-88             |
|-------------------|
| Jabba the Hutt    |
+-------------------+
*************************** 1. row ***************************
  climate: murky
     name: Dagobah
residents: Yoda
  terrain: swamp, jungles
